// Jest Snapshot v1, https://goo.gl/fbAQLP

exports[`BulkAdd should render a snap shot 1`] = `"<div class=\\"css-6je0yf\\"><div class=\\"modal\\"><div class=\\"title\\">Bulk Add</div><div class=\\"body\\"><div>test<input type=\\"number\\" name=\\"test\\" value=\\"0\\"><input type=\\"date\\" name=\\"test\\" value=\\"2021-09-05\\"><button type=\\"button\\" name=\\"test\\">-</button></div><div class=\\"add-entry\\">Add new Sensor<select></select><button type=\\"button\\">+</button></div></div><div class=\\"footer\\"><button type=\\"button\\">Add</button></div></div></div>"`;
