// Jest Snapshot v1, https://goo.gl/fbAQLP

exports[`AddSensor should render a snap shot 1`] = `"<div class=\\"css-1d88wt0\\"><div class=\\"modal\\"><div class=\\"title\\">Add Sensor</div><div class=\\"body\\"><div class=\\"column\\"><div class=\\"group\\">Name:<input type=\\"text\\" name=\\"name\\"></div><div class=\\"group\\">Coeffecients:<input type=\\"text\\" name=\\"coeffecients\\"></div></div><div class=\\"column\\"><div class=\\"group\\">Hardware sensor:<select><option value=\\"self-entry\\">self-entry</option></select></div><div class=\\"group\\">Description:<input type=\\"text\\" name=\\"description\\"></div><div class=\\"group\\"><button type=\\"button\\">Test</button><span class=\\"red\\"></span><br></div></div></div></div></div>"`;

exports[`AddSensor should test inputs 1`] = `"<div class=\\"css-1d88wt0\\"><div class=\\"modal\\"><div class=\\"title\\">Add Sensor</div><div class=\\"body\\"><div class=\\"column\\"><div class=\\"group\\">Name:<input type=\\"text\\" name=\\"name\\"></div><div class=\\"group\\">Coeffecients:<input type=\\"text\\" name=\\"coeffecients\\"></div></div><div class=\\"column\\"><div class=\\"group\\">Hardware sensor:<select><option value=\\"self-entry\\">self-entry</option></select></div><div class=\\"group\\">Description:<input type=\\"text\\" name=\\"description\\"></div><div class=\\"group\\"><button type=\\"button\\">Test</button><span class=\\"red\\"></span><br></div></div></div></div></div>"`;
