// Jest Snapshot v1, https://goo.gl/fbAQLP

exports[`Actions should render a snapshot 1`] = `"<div class=\\"css-1kf6hwk \\"><div class=\\"table\\"><div class=\\"row\\"><div class=\\"col\\">Station</div><div class=\\"col\\">Sensor</div><div class=\\"col\\">Value</div><div class=\\"col\\">Value Type</div><div class=\\"col\\">Condition</div><div class=\\"col\\">Action</div><div class=\\"col\\">Interval</div><div class=\\"col\\">Meta data</div><div class=\\"col\\"></div><div class=\\"col\\"></div></div><div class=\\"row\\"><div class=\\"col\\">test</div><div class=\\"col\\">test</div><div class=\\"col\\"></div><div class=\\"col\\"></div><div class=\\"col\\"></div><div class=\\"col\\"></div><div class=\\"col\\"></div><div class=\\"col\\"></div><div class=\\"col\\"><button class=\\"col\\" type=\\"button\\">Edit</button></div><div class=\\"col\\"><button class=\\"col\\" type=\\"button\\">Delete</button></div></div></div></div>"`;
